Fold 0
Model 0 best validation rmse = 0.414669 on epoch 30
Model 0 test rmse = 0.999688
Ensemble test rmse = 0.414652
Fold 1
Model 0 best validation rmse = 0.414033 on epoch 40
Model 0 test rmse = 1.081113
Ensemble test rmse = 0.425822
Fold 2
Model 0 best validation rmse = 0.429217 on epoch 18
Model 0 test rmse = 1.033193
Ensemble test rmse = 0.431505
Fold 3
Model 0 best validation rmse = 0.411109 on epoch 28
Model 0 test rmse = 0.894171
Ensemble test rmse = 0.395170
Fold 4
Model 0 best validation rmse = 0.419525 on epoch 22
Model 0 test rmse = 1.137094
Ensemble test rmse = 0.448047
5-fold cross validation
	Seed 42 ==> test rmse = 0.414652
	Seed 43 ==> test rmse = 0.425822
	Seed 44 ==> test rmse = 0.431505
	Seed 45 ==> test rmse = 0.395170
	Seed 46 ==> test rmse = 0.448047
Overall test rmse = 0.423039 +/- 0.017617
Elapsed time = 8:18:38
